{
  "version": "1.5.0",
  "plugins_used": [
    {
      "name": "ArtifactoryDetector"
    },
    {
      "name": "AWSKeyDetector"
    },
    {
      "name": "AzureStorageKeyDetector"
    },
    {
      "name": "Base64HighEntropyString",
      "limit": 4.5
    },
    {
      "name": "BasicAuthDetector"
    },
    {
      "name": "CloudantDetector"
    },
    {
      "name": "DiscordBotTokenDetector"
    },
    {
      "name": "GitHubTokenDetector"
    },
    {
      "name": "GitLabTokenDetector"
    },
    {
      "name": "HexHighEntropyString",
      "limit": 3.0
    },
    {
      "name": "IbmCloudIamDetector"
    },
    {
      "name": "IbmCosHmacDetector"
    },
    {
      "name": "IPPublicDetector"
    },
    {
      "name": "JwtTokenDetector"
    },
    {
      "name": "KeywordDetector",
      "keyword_exclude": ""
    },
    {
      "name": "MailchimpDetector"
    },
    {
      "name": "NpmDetector"
    },
    {
      "name": "OpenAIDetector"
    },
    {
      "name": "PrivateKeyDetector"
    },
    {
      "name": "PypiTokenDetector"
    },
    {
      "name": "SendGridDetector"
    },
    {
      "name": "SlackDetector"
    },
    {
      "name": "SoftlayerDetector"
    },
    {
      "name": "SquareOAuthDetector"
    },
    {
      "name": "StripeDetector"
    },
    {
      "name": "TelegramBotTokenDetector"
    },
    {
      "name": "TwilioKeyDetector"
    }
  ],
  "filters_used": [
    {
      "path": "detect_secrets.filters.allowlist.is_line_allowlisted"
    },
    {
      "path": "detect_secrets.filters.common.is_ignored_due_to_verification_policies",
      "min_level": 2
    },
    {
      "path": "detect_secrets.filters.heuristic.is_indirect_reference"
    },
    {
      "path": "detect_secrets.filters.heuristic.is_likely_id_string"
    },
    {
      "path": "detect_secrets.filters.heuristic.is_lock_file"
    },
    {
      "path": "detect_secrets.filters.heuristic.is_not_alphanumeric_string"
    },
    {
      "path": "detect_secrets.filters.heuristic.is_potential_uuid"
    },
    {
      "path": "detect_secrets.filters.heuristic.is_prefixed_with_dollar_sign"
    },
    {
      "path": "detect_secrets.filters.heuristic.is_sequential_string"
    },
    {
      "path": "detect_secrets.filters.heuristic.is_swagger_file"
    },
    {
      "path": "detect_secrets.filters.heuristic.is_templated_secret"
    }
  ],
  "results": {
    ".env": [
      {
        "type": "Secret Keyword",
        "filename": ".env",
        "hashed_secret": "21e51a9958d02edfdce4a2ca21dde0028ead0405",
        "is_verified": false,
        "line_number": 33
      },
      {
        "type": "Secret Keyword",
        "filename": ".env",
        "hashed_secret": "992a33167581ae7f27f5b80e7c9b56fc2b3a84d5",
        "is_verified": false,
        "line_number": 57
      },
      {
        "type": "Secret Keyword",
        "filename": ".env",
        "hashed_secret": "92870c5640200e5d7682a48b4af6eb5266a4219f",
        "is_verified": false,
        "line_number": 64
      },
      {
        "type": "Secret Keyword",
        "filename": ".env",
        "hashed_secret": "c6a5a4558bfaf804998237716e8753618943426f",
        "is_verified": false,
        "line_number": 87
      },
      {
        "type": "Secret Keyword",
        "filename": ".env",
        "hashed_secret": "9924b353fca602108662abb196b2892f862174e0",
        "is_verified": false,
        "line_number": 99
      },
      {
        "type": "Secret Keyword",
        "filename": ".env",
        "hashed_secret": "83542070ee8238c5ad6484b7824016bd2d2fb32e",
        "is_verified": false,
        "line_number": 111
      },
      {
        "type": "Secret Keyword",
        "filename": ".env",
        "hashed_secret": "c8035ec00ae753576a553452b760d8e488694bc0",
        "is_verified": false,
        "line_number": 160
      }
    ],
    ".pytest_cache/CACHEDIR.TAG": [
      {
        "type": "Hex High Entropy String",
        "filename": ".pytest_cache/CACHEDIR.TAG",
        "hashed_secret": "e8f8c345877b2411a59897798e422b15b0c16d76",
        "is_verified": false,
        "line_number": 1
      }
    ],
    ".venv/lib/python3.13/site-packages/PIL/ImageFont.py": [
      {
        "type": "AWS Access Key",
        "filename": ".venv/lib/python3.13/site-packages/PIL/ImageFont.py",
        "hashed_secret": "7cd36fc7fde5cd9ce13dc7762a82c45fa2deb663",
        "is_verified": false,
        "line_number": 1247
      }
    ],
    ".venv/lib/python3.13/site-packages/bandit-1.8.6.dist-info/entry_points.txt": [
      {
        "type": "Secret Keyword",
        "filename": ".venv/lib/python3.13/site-packages/bandit-1.8.6.dist-info/entry_points.txt",
        "hashed_secret": "ec31aa0966bf3f49e303d8607234100f0bd54e60",
        "is_verified": false,
        "line_number": 25
      },
      {
        "type": "Secret Keyword",
        "filename": ".venv/lib/python3.13/site-packages/bandit-1.8.6.dist-info/entry_points.txt",
        "hashed_secret": "2e14a336dfb9bd69271ca8cd490d52404a4a55f0",
        "is_verified": false,
        "line_number": 26
      },
      {
        "type": "Secret Keyword",
        "filename": ".venv/lib/python3.13/site-packages/bandit-1.8.6.dist-info/entry_points.txt",
        "hashed_secret": "a9b6e026a65628c40c2563d441beb99bda24efd4",
        "is_verified": false,
        "line_number": 27
      }
    ],
    ".venv/lib/python3.13/site-packages/bandit/plugins/general_hardcoded_password.py": [
      {
        "type": "Secret Keyword",
        "filename": ".venv/lib/python3.13/site-packages/bandit/plugins/general_hardcoded_password.py",
        "hashed_secret": "dc76e9f0c0006e8f919e0c515c66dbba3982f785",
        "is_verified": false,
        "line_number": 67
      },
      {
        "type": "Secret Keyword",
        "filename": ".venv/lib/python3.13/site-packages/bandit/plugins/general_hardcoded_password.py",
        "hashed_secret": "67092267a40dd78a20a27ead606fce9aa5d476d6",
        "is_verified": false,
        "line_number": 159
      },
      {
        "type": "Secret Keyword",
        "filename": ".venv/lib/python3.13/site-packages/bandit/plugins/general_hardcoded_password.py",
        "hashed_secret": "4e7afebcfbae000b22c7c85e5560f89a2a0280b4",
        "is_verified": false,
        "line_number": 217
      }
    ],
    ".venv/lib/python3.13/site-packages/bandit/plugins/weak_cryptographic_key.py": [
      {
        "type": "Secret Keyword",
        "filename": ".venv/lib/python3.13/site-packages/bandit/plugins/weak_cryptographic_key.py",
        "hashed_secret": "3dbf83ff89b0bb283ced3c1e49b246ab5743b7c5",
        "is_verified": false,
        "line_number": 93
      },
      {
        "type": "Secret Keyword",
        "filename": ".venv/lib/python3.13/site-packages/bandit/plugins/weak_cryptographic_key.py",
        "hashed_secret": "56d91d770f6fd64e188020f40d1d915be6e046dc",
        "is_verified": false,
        "line_number": 95
      },
      {
        "type": "Secret Keyword",
        "filename": ".venv/lib/python3.13/site-packages/bandit/plugins/weak_cryptographic_key.py",
        "hashed_secret": "5b2fbd0d968f4666937afc1686c0535f96c71f49",
        "is_verified": false,
        "line_number": 97
      }
    ],
    ".venv/lib/python3.13/site-packages/cryptography/hazmat/_oid.py": [
      {
        "type": "Secret Keyword",
        "filename": ".venv/lib/python3.13/site-packages/cryptography/hazmat/_oid.py",
        "hashed_secret": "afe3ee1ae892f455f2fd42038bce7e207e215987",
        "is_verified": false,
        "line_number": 317
      },
      {
        "type": "Secret Keyword",
        "filename": ".venv/lib/python3.13/site-packages/cryptography/hazmat/_oid.py",
        "hashed_secret": "77ed6e40696bbda8ca7f73fa3e77e8ad45f79c38",
        "is_verified": false,
        "line_number": 355
      }
    ],
    ".venv/lib/python3.13/site-packages/cryptography/hazmat/primitives/serialization/ssh.py": [
      {
        "type": "Private Key",
        "filename": ".venv/lib/python3.13/site-packages/cryptography/hazmat/primitives/serialization/ssh.py",
        "hashed_secret": "27c6929aef41ae2bcadac15ca6abcaff72cda9cd",
        "is_verified": false,
        "line_number": 78
      }
    ],
    ".venv/lib/python3.13/site-packages/cyclonedx/model/crypto.py": [
      {
        "type": "Secret Keyword",
        "filename": ".venv/lib/python3.13/site-packages/cyclonedx/model/crypto.py",
        "hashed_secret": "5baa61e4c9b93f3f0682250b6cf8331b7ee68fd8",
        "is_verified": false,
        "line_number": 712
      },
      {
        "type": "Secret Keyword",
        "filename": ".venv/lib/python3.13/site-packages/cyclonedx/model/crypto.py",
        "hashed_secret": "2c35baf5aa803a12df64c64b97df0445c46aeb03",
        "is_verified": false,
        "line_number": 713
      },
      {
        "type": "Secret Keyword",
        "filename": ".venv/lib/python3.13/site-packages/cyclonedx/model/crypto.py",
        "hashed_secret": "dff6d4ff5dc357cf451d1855ab9cbda562645c9f",
        "is_verified": false,
        "line_number": 716
      },
      {
        "type": "Secret Keyword",
        "filename": ".venv/lib/python3.13/site-packages/cyclonedx/model/crypto.py",
        "hashed_secret": "76ed0a056aa77060de25754586440cff390791d0",
        "is_verified": false,
        "line_number": 718
      }
    ],
    ".venv/lib/python3.13/site-packages/cyclonedx/schema/_res/bom-1.2-strict.SNAPSHOT.schema.json": [
      {
        "type": "Hex High Entropy String",
        "filename": ".venv/lib/python3.13/site-packages/cyclonedx/schema/_res/bom-1.2-strict.SNAPSHOT.schema.json",
        "hashed_secret": "56451e8d90dcdc84ffdb08c38a459a4f056dbbf8",
        "is_verified": false,
        "line_number": 581
      }
    ],
    ".venv/lib/python3.13/site-packages/cyclonedx/schema/_res/bom-1.2.SNAPSHOT.schema.json": [
      {
        "type": "Hex High Entropy String",
        "filename": ".venv/lib/python3.13/site-packages/cyclonedx/schema/_res/bom-1.2.SNAPSHOT.schema.json",
        "hashed_secret": "56451e8d90dcdc84ffdb08c38a459a4f056dbbf8",
        "is_verified": false,
        "line_number": 567
      }
    ],
    ".venv/lib/python3.13/site-packages/cyclonedx/schema/_res/bom-1.3-strict.SNAPSHOT.schema.json": [
      {
        "type": "Hex High Entropy String",
        "filename": ".venv/lib/python3.13/site-packages/cyclonedx/schema/_res/bom-1.3-strict.SNAPSHOT.schema.json",
        "hashed_secret": "56451e8d90dcdc84ffdb08c38a459a4f056dbbf8",
        "is_verified": false,
        "line_number": 549
      }
    ],
    ".venv/lib/python3.13/site-packages/cyclonedx/schema/_res/bom-1.3.SNAPSHOT.schema.json": [
      {
        "type": "Hex High Entropy String",
        "filename": ".venv/lib/python3.13/site-packages/cyclonedx/schema/_res/bom-1.3.SNAPSHOT.schema.json",
        "hashed_secret": "56451e8d90dcdc84ffdb08c38a459a4f056dbbf8",
        "is_verified": false,
        "line_number": 536
      }
    ],
    ".venv/lib/python3.13/site-packages/cyclonedx/schema/_res/bom-1.4.SNAPSHOT.schema.json": [
      {
        "type": "Hex High Entropy String",
        "filename": ".venv/lib/python3.13/site-packages/cyclonedx/schema/_res/bom-1.4.SNAPSHOT.schema.json",
        "hashed_secret": "56451e8d90dcdc84ffdb08c38a459a4f056dbbf8",
        "is_verified": false,
        "line_number": 593
      }
    ],
    ".venv/lib/python3.13/site-packages/cyclonedx/schema/_res/bom-1.5.SNAPSHOT.schema.json": [
      {
        "type": "Hex High Entropy String",
        "filename": ".venv/lib/python3.13/site-packages/cyclonedx/schema/_res/bom-1.5.SNAPSHOT.schema.json",
        "hashed_secret": "56451e8d90dcdc84ffdb08c38a459a4f056dbbf8",
        "is_verified": false,
        "line_number": 723
      }
    ],
    ".venv/lib/python3.13/site-packages/cyclonedx/schema/_res/bom-1.6.SNAPSHOT.schema.json": [
      {
        "type": "Hex High Entropy String",
        "filename": ".venv/lib/python3.13/site-packages/cyclonedx/schema/_res/bom-1.6.SNAPSHOT.schema.json",
        "hashed_secret": "56451e8d90dcdc84ffdb08c38a459a4f056dbbf8",
        "is_verified": false,
        "line_number": 1230
      },
      {
        "type": "Secret Keyword",
        "filename": ".venv/lib/python3.13/site-packages/cyclonedx/schema/_res/bom-1.6.SNAPSHOT.schema.json",
        "hashed_secret": "c43c91c1c22c4e45c3e27df13d0c77e84c571df5",
        "is_verified": false,
        "line_number": 5431
      },
      {
        "type": "Secret Keyword",
        "filename": ".venv/lib/python3.13/site-packages/cyclonedx/schema/_res/bom-1.6.SNAPSHOT.schema.json",
        "hashed_secret": "21be3c44c018d92cfccd6e2de029414e64cb57e4",
        "is_verified": false,
        "line_number": 5434
      }
    ],
    ".venv/lib/python3.13/site-packages/detect_secrets-1.5.0.dist-info/entry_points.txt": [
      {
        "type": "Secret Keyword",
        "filename": ".venv/lib/python3.13/site-packages/detect_secrets-1.5.0.dist-info/entry_points.txt",
        "hashed_secret": "a55cc495941ba0f382d3090386f5e07e63ef423d",
        "is_verified": false,
        "line_number": 2
      }
    ],
    ".venv/lib/python3.13/site-packages/detect_secrets/core/potential_secret.py": [
      {
        "type": "Secret Keyword",
        "filename": ".venv/lib/python3.13/site-packages/detect_secrets/core/potential_secret.py",
        "hashed_secret": "522bb49471c191584acd7dc2ceb42c03ca384a56",
        "is_verified": false,
        "line_number": 80
      }
    ],
    ".venv/lib/python3.13/site-packages/detect_secrets/main.py": [
      {
        "type": "Secret Keyword",
        "filename": ".venv/lib/python3.13/site-packages/detect_secrets/main.py",
        "hashed_secret": "97cdbdc7feff827efb082a6b6dd2727237cd49fd",
        "is_verified": false,
        "line_number": 96
      }
    ],
    ".venv/lib/python3.13/site-packages/detect_secrets/plugins/artifactory.py": [
      {
        "type": "Secret Keyword",
        "filename": ".venv/lib/python3.13/site-packages/detect_secrets/plugins/artifactory.py",
        "hashed_secret": "4825f8a411ba7cf9879a5f20331cab599299461a",
        "is_verified": false,
        "line_number": 8
      }
    ],
    ".venv/lib/python3.13/site-packages/detect_secrets/plugins/aws.py": [
      {
        "type": "Secret Keyword",
        "filename": ".venv/lib/python3.13/site-packages/detect_secrets/plugins/aws.py",
        "hashed_secret": "f2c45c60a2b1d2e8be265ff4b81faff4b90ac37d",
        "is_verified": false,
        "line_number": 23
      }
    ],
    ".venv/lib/python3.13/site-packages/detect_secrets/plugins/azure_storage_key.py": [
      {
        "type": "Secret Keyword",
        "filename": ".venv/lib/python3.13/site-packages/detect_secrets/plugins/azure_storage_key.py",
        "hashed_secret": "b80344e49f04ffacb0e65b37348bf05cf6435d28",
        "is_verified": false,
        "line_number": 11
      }
    ],
    ".venv/lib/python3.13/site-packages/detect_secrets/plugins/base.py": [
      {
        "type": "Secret Keyword",
        "filename": ".venv/lib/python3.13/site-packages/detect_secrets/plugins/base.py",
        "hashed_secret": "0beec7b5ea3f0fdbc95d0dd47f3c5bc275da8a33",
        "is_verified": false,
        "line_number": 156
      }
    ],
    ".venv/lib/python3.13/site-packages/detect_secrets/plugins/basic_auth.py": [
      {
        "type": "Secret Keyword",
        "filename": ".venv/lib/python3.13/site-packages/detect_secrets/plugins/basic_auth.py",
        "hashed_secret": "37b12e79df06e491c18cfe099eaf8aca6eae297c",
        "is_verified": false,
        "line_number": 17
      }
    ],
    ".venv/lib/python3.13/site-packages/detect_secrets/plugins/cloudant.py": [
      {
        "type": "Secret Keyword",
        "filename": ".venv/lib/python3.13/site-packages/detect_secrets/plugins/cloudant.py",
        "hashed_secret": "4010fd1234708a61d161d124b0cd8e0a79e9786a",
        "is_verified": false,
        "line_number": 14
      }
    ],
    ".venv/lib/python3.13/site-packages/detect_secrets/plugins/discord.py": [
      {
        "type": "Secret Keyword",
        "filename": ".venv/lib/python3.13/site-packages/detect_secrets/plugins/discord.py",
        "hashed_secret": "80e2bc3729001eef2f5b8e6bdf1632ed394aa8af",
        "is_verified": false,
        "line_number": 11
      }
    ],
    ".venv/lib/python3.13/site-packages/detect_secrets/plugins/github_token.py": [
      {
        "type": "Secret Keyword",
        "filename": ".venv/lib/python3.13/site-packages/detect_secrets/plugins/github_token.py",
        "hashed_secret": "677cedf7877737a2cb84fa055fb71200a93bd9ad",
        "is_verified": false,
        "line_number": 11
      }
    ],
    ".venv/lib/python3.13/site-packages/detect_secrets/plugins/gitlab_token.py": [
      {
        "type": "Secret Keyword",
        "filename": ".venv/lib/python3.13/site-packages/detect_secrets/plugins/gitlab_token.py",
        "hashed_secret": "ff9238b5782acd2176d54becea530127aeb3d8fe",
        "is_verified": false,
        "line_number": 12
      }
    ],
    ".venv/lib/python3.13/site-packages/detect_secrets/plugins/high_entropy_strings.py": [
      {
        "type": "Secret Keyword",
        "filename": ".venv/lib/python3.13/site-packages/detect_secrets/plugins/high_entropy_strings.py",
        "hashed_secret": "6fe31bb7eab1420120775f24ab313c585e5a0115",
        "is_verified": false,
        "line_number": 142
      },
      {
        "type": "Secret Keyword",
        "filename": ".venv/lib/python3.13/site-packages/detect_secrets/plugins/high_entropy_strings.py",
        "hashed_secret": "2fd896385ddd0129c48bc014dc662af63082d200",
        "is_verified": false,
        "line_number": 160
      }
    ],
    ".venv/lib/python3.13/site-packages/detect_secrets/plugins/ibm_cloud_iam.py": [
      {
        "type": "Secret Keyword",
        "filename": ".venv/lib/python3.13/site-packages/detect_secrets/plugins/ibm_cloud_iam.py",
        "hashed_secret": "bc5d769a55d08aa6f3ed3f167c058ec35376fec0",
        "is_verified": false,
        "line_number": 12
      }
    ],
    ".venv/lib/python3.13/site-packages/detect_secrets/plugins/ibm_cos_hmac.py": [
      {
        "type": "Secret Keyword",
        "filename": ".venv/lib/python3.13/site-packages/detect_secrets/plugins/ibm_cos_hmac.py",
        "hashed_secret": "5ac3c034e6f3a896546359d21cb309575717f05b",
        "is_verified": false,
        "line_number": 21
      }
    ],
    ".venv/lib/python3.13/site-packages/detect_secrets/plugins/ip_public.py": [
      {
        "type": "Secret Keyword",
        "filename": ".venv/lib/python3.13/site-packages/detect_secrets/plugins/ip_public.py",
        "hashed_secret": "0b1f769a9e28e054d7df348c98b0cba1917febb4",
        "is_verified": false,
        "line_number": 19
      }
    ],
    ".venv/lib/python3.13/site-packages/detect_secrets/plugins/jwt.py": [
      {
        "type": "Secret Keyword",
        "filename": ".venv/lib/python3.13/site-packages/detect_secrets/plugins/jwt.py",
        "hashed_secret": "932ca321c659a3b97ee2611d4c44ec5f65e2aa9c",
        "is_verified": false,
        "line_number": 14
      }
    ],
    ".venv/lib/python3.13/site-packages/detect_secrets/plugins/keyword.py": [
      {
        "type": "Secret Keyword",
        "filename": ".venv/lib/python3.13/site-packages/detect_secrets/plugins/keyword.py",
        "hashed_secret": "f32b67c7e26342af42efabc674d441dca0a281c5",
        "is_verified": false,
        "line_number": 67
      },
      {
        "type": "Secret Keyword",
        "filename": ".venv/lib/python3.13/site-packages/detect_secrets/plugins/keyword.py",
        "hashed_secret": "0beec7b5ea3f0fdbc95d0dd47f3c5bc275da8a33",
        "is_verified": false,
        "line_number": 122
      },
      {
        "type": "Secret Keyword",
        "filename": ".venv/lib/python3.13/site-packages/detect_secrets/plugins/keyword.py",
        "hashed_secret": "62cdb7020ff920e5aa642c3d4066950dd1f01f4d",
        "is_verified": false,
        "line_number": 133
      },
      {
        "type": "Secret Keyword",
        "filename": ".venv/lib/python3.13/site-packages/detect_secrets/plugins/keyword.py",
        "hashed_secret": "1af17e73721dbe0c40011b82ed4bb1a7dbe3ce29",
        "is_verified": false,
        "line_number": 196
      },
      {
        "type": "Secret Keyword",
        "filename": ".venv/lib/python3.13/site-packages/detect_secrets/plugins/keyword.py",
        "hashed_secret": "f9b72e805000a5ea310939e167b6b1c2888125f7",
        "is_verified": false,
        "line_number": 269
      }
    ],
    ".venv/lib/python3.13/site-packages/detect_secrets/plugins/mailchimp.py": [
      {
        "type": "Secret Keyword",
        "filename": ".venv/lib/python3.13/site-packages/detect_secrets/plugins/mailchimp.py",
        "hashed_secret": "35903c2a33d34d4cd19835ee9493a65fc1a7e4bc",
        "is_verified": false,
        "line_number": 15
      }
    ],
    ".venv/lib/python3.13/site-packages/detect_secrets/plugins/npm.py": [
      {
        "type": "Secret Keyword",
        "filename": ".venv/lib/python3.13/site-packages/detect_secrets/plugins/npm.py",
        "hashed_secret": "91f845de51016327363f57d22da2466cbc652314",
        "is_verified": false,
        "line_number": 11
      }
    ],
    ".venv/lib/python3.13/site-packages/detect_secrets/plugins/openai.py": [
      {
        "type": "Secret Keyword",
        "filename": ".venv/lib/python3.13/site-packages/detect_secrets/plugins/openai.py",
        "hashed_secret": "660b79d7d79f4aaa174580076ef6e079b8a81914",
        "is_verified": false,
        "line_number": 11
      }
    ],
    ".venv/lib/python3.13/site-packages/detect_secrets/plugins/private_key.py": [
      {
        "type": "Secret Keyword",
        "filename": ".venv/lib/python3.13/site-packages/detect_secrets/plugins/private_key.py",
        "hashed_secret": "ade5ddaf2557ee93225fc565adbfe1ade3bae3a0",
        "is_verified": false,
        "line_number": 40
      },
      {
        "type": "Private Key",
        "filename": ".venv/lib/python3.13/site-packages/detect_secrets/plugins/private_key.py",
        "hashed_secret": "daefe0b4345a654580dcad25c7c11ff4c944a8c0",
        "is_verified": false,
        "line_number": 45
      },
      {
        "type": "Private Key",
        "filename": ".venv/lib/python3.13/site-packages/detect_secrets/plugins/private_key.py",
        "hashed_secret": "f0778f3e140a61d5bbbed5430773e52af2f5fba4",
        "is_verified": false,
        "line_number": 46
      },
      {
        "type": "Private Key",
        "filename": ".venv/lib/python3.13/site-packages/detect_secrets/plugins/private_key.py",
        "hashed_secret": "27c6929aef41ae2bcadac15ca6abcaff72cda9cd",
        "is_verified": false,
        "line_number": 47
      },
      {
        "type": "Private Key",
        "filename": ".venv/lib/python3.13/site-packages/detect_secrets/plugins/private_key.py",
        "hashed_secret": "4ada9713ec27066b2ffe0b7bd9c9c8d635dc4ab2",
        "is_verified": false,
        "line_number": 48
      },
      {
        "type": "Private Key",
        "filename": ".venv/lib/python3.13/site-packages/detect_secrets/plugins/private_key.py",
        "hashed_secret": "1348b145fa1a555461c1b790a2f66614781091e9",
        "is_verified": false,
        "line_number": 49
      },
      {
        "type": "Private Key",
        "filename": ".venv/lib/python3.13/site-packages/detect_secrets/plugins/private_key.py",
        "hashed_secret": "be4fc4886bd949b369d5e092eb87494f12e57e5b",
        "is_verified": false,
        "line_number": 50
      },
      {
        "type": "Private Key",
        "filename": ".venv/lib/python3.13/site-packages/detect_secrets/plugins/private_key.py",
        "hashed_secret": "9279619d0c9a9529b0b223e3b809f4df24b8ba8b",
        "is_verified": false,
        "line_number": 51
      },
      {
        "type": "Private Key",
        "filename": ".venv/lib/python3.13/site-packages/detect_secrets/plugins/private_key.py",
        "hashed_secret": "11200d1bf5e1eb358b5d823c443347d97e982a85",
        "is_verified": false,
        "line_number": 52
      }
    ],
    ".venv/lib/python3.13/site-packages/detect_secrets/plugins/pypi_token.py": [
      {
        "type": "Secret Keyword",
        "filename": ".venv/lib/python3.13/site-packages/detect_secrets/plugins/pypi_token.py",
        "hashed_secret": "9b42f32269056810ecc07889f4bc0f2f20afd427",
        "is_verified": false,
        "line_number": 11
      }
    ],
    ".venv/lib/python3.13/site-packages/detect_secrets/plugins/sendgrid.py": [
      {
        "type": "Secret Keyword",
        "filename": ".venv/lib/python3.13/site-packages/detect_secrets/plugins/sendgrid.py",
        "hashed_secret": "2c59a4461d825cb06039b5b4d3edf6b83dfac044",
        "is_verified": false,
        "line_number": 11
      }
    ],
    ".venv/lib/python3.13/site-packages/detect_secrets/plugins/slack.py": [
      {
        "type": "Secret Keyword",
        "filename": ".venv/lib/python3.13/site-packages/detect_secrets/plugins/slack.py",
        "hashed_secret": "f53d14b97c7cdfa2eaac4b240c8ff4876a47640a",
        "is_verified": false,
        "line_number": 17
      }
    ],
    ".venv/lib/python3.13/site-packages/detect_secrets/plugins/softlayer.py": [
      {
        "type": "Secret Keyword",
        "filename": ".venv/lib/python3.13/site-packages/detect_secrets/plugins/softlayer.py",
        "hashed_secret": "d5d8ace6d124d2522a81bfae43b01b5c905dc2b8",
        "is_verified": false,
        "line_number": 14
      }
    ],
    ".venv/lib/python3.13/site-packages/detect_secrets/plugins/square_oauth.py": [
      {
        "type": "Secret Keyword",
        "filename": ".venv/lib/python3.13/site-packages/detect_secrets/plugins/square_oauth.py",
        "hashed_secret": "cc357703e7cb9f49dabce90321937ace687b20f0",
        "is_verified": false,
        "line_number": 8
      }
    ],
    ".venv/lib/python3.13/site-packages/detect_secrets/plugins/stripe.py": [
      {
        "type": "Secret Keyword",
        "filename": ".venv/lib/python3.13/site-packages/detect_secrets/plugins/stripe.py",
        "hashed_secret": "b4685568c7c8d5d49451a187014711ebc75f70af",
        "is_verified": false,
        "line_number": 12
      }
    ],
    ".venv/lib/python3.13/site-packages/detect_secrets/plugins/telegram_token.py": [
      {
        "type": "Secret Keyword",
        "filename": ".venv/lib/python3.13/site-packages/detect_secrets/plugins/telegram_token.py",
        "hashed_secret": "abfd5b9f85b54e77c61438784d766292e3a7f46b",
        "is_verified": false,
        "line_number": 14
      }
    ],
    ".venv/lib/python3.13/site-packages/detect_secrets/plugins/twilio.py": [
      {
        "type": "Secret Keyword",
        "filename": ".venv/lib/python3.13/site-packages/detect_secrets/plugins/twilio.py",
        "hashed_secret": "688ecd55118006d5bad4cd43f4a26a98a06bec19",
        "is_verified": false,
        "line_number": 11
      },
      {
        "type": "Twilio API Key",
        "filename": ".venv/lib/python3.13/site-packages/detect_secrets/plugins/twilio.py",
        "hashed_secret": "3c7206eff845bc69cf12d904d0f95f9aec15535e",
        "is_verified": false,
        "line_number": 14
      },
      {
        "type": "Twilio API Key",
        "filename": ".venv/lib/python3.13/site-packages/detect_secrets/plugins/twilio.py",
        "hashed_secret": "34c2246140bc39b1fce81d9be2124f713a06bdaf",
        "is_verified": false,
        "line_number": 17
      }
    ],
    ".venv/lib/python3.13/site-packages/httpx/_urls.py": [
      {
        "type": "Secret Keyword",
        "filename": ".venv/lib/python3.13/site-packages/httpx/_urls.py",
        "hashed_secret": "66b9e5aef98ced908e577140bccee56bcf4d29b9",
        "is_verified": false,
        "line_number": 21
      },
      {
        "type": "Basic Auth Credentials",
        "filename": ".venv/lib/python3.13/site-packages/httpx/_urls.py",
        "hashed_secret": "86efd7a4b462b1f97dc94b27c2860dc1bcbde38d",
        "is_verified": false,
        "line_number": 34
      }
    ],
    ".venv/lib/python3.13/site-packages/joblib/test/test_hashing.py": [
      {
        "type": "Hex High Entropy String",
        "filename": ".venv/lib/python3.13/site-packages/joblib/test/test_hashing.py",
        "hashed_secret": "debae7ce56151d4e0c2981ca99fb16995825072d",
        "is_verified": false,
        "line_number": 398
      },
      {
        "type": "Hex High Entropy String",
        "filename": ".venv/lib/python3.13/site-packages/joblib/test/test_hashing.py",
        "hashed_secret": "a977c41242dbbd6d993bbbabf49fb9d9c6709529",
        "is_verified": false,
        "line_number": 399
      },
      {
        "type": "Hex High Entropy String",
        "filename": ".venv/lib/python3.13/site-packages/joblib/test/test_hashing.py",
        "hashed_secret": "accc90afd72bb535fd725909ed6cc1292911a4cc",
        "is_verified": false,
        "line_number": 400
      },
      {
        "type": "Hex High Entropy String",
        "filename": ".venv/lib/python3.13/site-packages/joblib/test/test_hashing.py",
        "hashed_secret": "d4bc9d12457c7fabb1caf42641a0f66666babd9c",
        "is_verified": false,
        "line_number": 403
      },
      {
        "type": "Hex High Entropy String",
        "filename": ".venv/lib/python3.13/site-packages/joblib/test/test_hashing.py",
        "hashed_secret": "3cab233af4a87f6e7abfdc0dbb77852e0c673218",
        "is_verified": false,
        "line_number": 405
      }
    ],
    ".venv/lib/python3.13/site-packages/markdown_it/port.yaml": [
      {
        "type": "Hex High Entropy String",
        "filename": ".venv/lib/python3.13/site-packages/markdown_it/port.yaml",
        "hashed_secret": "67bbc9611a3b21c403551b620c4b5bd27b2c8c4e",
        "is_verified": false,
        "line_number": 3
      }
    ],
    ".venv/lib/python3.13/site-packages/marshmallow/validate.py": [
      {
        "type": "Basic Auth Credentials",
        "filename": ".venv/lib/python3.13/site-packages/marshmallow/validate.py",
        "hashed_secret": "62cdb7020ff920e5aa642c3d4066950dd1f01f4d",
        "is_verified": false,
        "line_number": 132
      }
    ],
    ".venv/lib/python3.13/site-packages/nltk/app/nemo_app.py": [
      {
        "type": "Base64 High Entropy String",
        "filename": ".venv/lib/python3.13/site-packages/nltk/app/nemo_app.py",
        "hashed_secret": "f68cf755598a6850789a9794a1a980e98e23c705",
        "is_verified": false,
        "line_number": 24
      },
      {
        "type": "Base64 High Entropy String",
        "filename": ".venv/lib/python3.13/site-packages/nltk/app/nemo_app.py",
        "hashed_secret": "a072b5c2aa2f6431e9f52cdd4e3982fcf9d3801a",
        "is_verified": false,
        "line_number": 25
      },
      {
        "type": "Base64 High Entropy String",
        "filename": ".venv/lib/python3.13/site-packages/nltk/app/nemo_app.py",
        "hashed_secret": "3cdbe7baee2f332272b8445516342899f86452fa",
        "is_verified": false,
        "line_number": 26
      },
      {
        "type": "Base64 High Entropy String",
        "filename": ".venv/lib/python3.13/site-packages/nltk/app/nemo_app.py",
        "hashed_secret": "048be06894831fddc9815b05646c815d57596d93",
        "is_verified": false,
        "line_number": 27
      }
    ],
    ".venv/lib/python3.13/site-packages/nltk/stem/snowball.py": [
      {
        "type": "Base64 High Entropy String",
        "filename": ".venv/lib/python3.13/site-packages/nltk/stem/snowball.py",
        "hashed_secret": "2f901cabffd7fac42b8028e2caa37d2fba1f4966",
        "is_verified": false,
        "line_number": 957
      }
    ],
    ".venv/lib/python3.13/site-packages/numpy/_core/_string_helpers.py": [
      {
        "type": "Base64 High Entropy String",
        "filename": ".venv/lib/python3.13/site-packages/numpy/_core/_string_helpers.py",
        "hashed_secret": "9b979763ab7bf00d075a6af7659862a7e19f9482",
        "is_verified": false,
        "line_number": 35
      },
      {
        "type": "Base64 High Entropy String",
        "filename": ".venv/lib/python3.13/site-packages/numpy/_core/_string_helpers.py",
        "hashed_secret": "5a84846dedc4aacef08cc9fa401a9e640823ab28",
        "is_verified": false,
        "line_number": 36
      },
      {
        "type": "Base64 High Entropy String",
        "filename": ".venv/lib/python3.13/site-packages/numpy/_core/_string_helpers.py",
        "hashed_secret": "2932d696a6390d171de9e11771cb632c92d76401",
        "is_verified": false,
        "line_number": 64
      }
    ],
    ".venv/lib/python3.13/site-packages/numpy/_core/tests/test_defchararray.py": [
      {
        "type": "Hex High Entropy String",
        "filename": ".venv/lib/python3.13/site-packages/numpy/_core/tests/test_defchararray.py",
        "hashed_secret": "70a11e96fe8142a81eae2f14a6db093b48f8da8e",
        "is_verified": false,
        "line_number": 483
      }
    ],
    ".venv/lib/python3.13/site-packages/numpy/_core/tests/test_regression.py": [
      {
        "type": "Hex High Entropy String",
        "filename": ".venv/lib/python3.13/site-packages/numpy/_core/tests/test_regression.py",
        "hashed_secret": "e2a4480bc4a5ce0d1cd53d37219ae00e4b10600b",
        "is_verified": false,
        "line_number": 1496
      }
    ],
    ".venv/lib/python3.13/site-packages/numpy/_core/tests/test_stringdtype.py": [
      {
        "type": "Base64 High Entropy String",
        "filename": ".venv/lib/python3.13/site-packages/numpy/_core/tests/test_stringdtype.py",
        "hashed_secret": "ed23e0ab84a5ed72a0a093a5884afdd54e2f2c15",
        "is_verified": false,
        "line_number": 1201
      }
    ],
    ".venv/lib/python3.13/site-packages/numpy/_core/tests/test_strings.py": [
      {
        "type": "Hex High Entropy String",
        "filename": ".venv/lib/python3.13/site-packages/numpy/_core/tests/test_strings.py",
        "hashed_secret": "a45a360e6ff9bceaf3fcfef370a6d6e1d4ba9271",
        "is_verified": false,
        "line_number": 269
      },
      {
        "type": "Hex High Entropy String",
        "filename": ".venv/lib/python3.13/site-packages/numpy/_core/tests/test_strings.py",
        "hashed_secret": "70a11e96fe8142a81eae2f14a6db093b48f8da8e",
        "is_verified": false,
        "line_number": 1388
      }
    ],
    ".venv/lib/python3.13/site-packages/numpy/f2py/tests/test_docs.py": [
      {
        "type": "Hex High Entropy String",
        "filename": ".venv/lib/python3.13/site-packages/numpy/f2py/tests/test_docs.py",
        "hashed_secret": "f001e4a5e5e31ea3e2ffaecddf7780cdf4bf482e",
        "is_verified": false,
        "line_number": 43
      },
      {
        "type": "Hex High Entropy String",
        "filename": ".venv/lib/python3.13/site-packages/numpy/f2py/tests/test_docs.py",
        "hashed_secret": "deaadc03d735ea04c9e428b9d98459825a563161",
        "is_verified": false,
        "line_number": 49
      }
    ],
    ".venv/lib/python3.13/site-packages/numpy/random/tests/test_generator_mt19937.py": [
      {
        "type": "Hex High Entropy String",
        "filename": ".venv/lib/python3.13/site-packages/numpy/random/tests/test_generator_mt19937.py",
        "hashed_secret": "6a680d731539a137b00b71d6033907fd07cf2cd8",
        "is_verified": false,
        "line_number": 30
      },
      {
        "type": "Hex High Entropy String",
        "filename": ".venv/lib/python3.13/site-packages/numpy/random/tests/test_generator_mt19937.py",
        "hashed_secret": "0f2303affd655e5041f363af354c885f9c92f044",
        "is_verified": false,
        "line_number": 31
      },
      {
        "type": "Hex High Entropy String",
        "filename": ".venv/lib/python3.13/site-packages/numpy/random/tests/test_generator_mt19937.py",
        "hashed_secret": "9a50c40e9daf2821ecebb0f8b0ded29dd9e7deb7",
        "is_verified": false,
        "line_number": 36
      },
      {
        "type": "Hex High Entropy String",
        "filename": ".venv/lib/python3.13/site-packages/numpy/random/tests/test_generator_mt19937.py",
        "hashed_secret": "1253f86f15634a5ff9cf49899619a698db0bf719",
        "is_verified": false,
        "line_number": 37
      },
      {
        "type": "Hex High Entropy String",
        "filename": ".venv/lib/python3.13/site-packages/numpy/random/tests/test_generator_mt19937.py",
        "hashed_secret": "cf5dadc730597237bebcbfde216b32db911303c9",
        "is_verified": false,
        "line_number": 42
      },
      {
        "type": "Hex High Entropy String",
        "filename": ".venv/lib/python3.13/site-packages/numpy/random/tests/test_generator_mt19937.py",
        "hashed_secret": "6ad82d6ae3712db4c8a92a904e65d4abb5109e3d",
        "is_verified": false,
        "line_number": 43
      },
      {
        "type": "Hex High Entropy String",
        "filename": ".venv/lib/python3.13/site-packages/numpy/random/tests/test_generator_mt19937.py",
        "hashed_secret": "20972d23e879312313cdc923a77ad18a568265b1",
        "is_verified": false,
        "line_number": 504
      },
      {
        "type": "Hex High Entropy String",
        "filename": ".venv/lib/python3.13/site-packages/numpy/random/tests/test_generator_mt19937.py",
        "hashed_secret": "2941cea2b78fbfa331050b38e52c6509669392c9",
        "is_verified": false,
        "line_number": 505
      },
      {
        "type": "Hex High Entropy String",
        "filename": ".venv/lib/python3.13/site-packages/numpy/random/tests/test_generator_mt19937.py",
        "hashed_secret": "ce7013aecd30388140c8ccc075a348aa3717119b",
        "is_verified": false,
        "line_number": 506
      },
      {
        "type": "Hex High Entropy String",
        "filename": ".venv/lib/python3.13/site-packages/numpy/random/tests/test_generator_mt19937.py",
        "hashed_secret": "eb49852c5466fafe8912dd6d6e9a67dc19ba74d1",
        "is_verified": false,
        "line_number": 507
      },
      {
        "type": "Hex High Entropy String",
        "filename": ".venv/lib/python3.13/site-packages/numpy/random/tests/test_generator_mt19937.py",
        "hashed_secret": "6fa4821286076da76bc37a8620b73e53a6631d4d",
        "is_verified": false,
        "line_number": 508
      },
      {
        "type": "Hex High Entropy String",
        "filename": ".venv/lib/python3.13/site-packages/numpy/random/tests/test_generator_mt19937.py",
        "hashed_secret": "57a1f37bbdd5973da34661d92c3611dd9e707747",
        "is_verified": false,
        "line_number": 935
      }
    ],
    ".venv/lib/python3.13/site-packages/numpy/random/tests/test_random.py": [
      {
        "type": "Hex High Entropy String",
        "filename": ".venv/lib/python3.13/site-packages/numpy/random/tests/test_random.py",
        "hashed_secret": "c34ae8e3b3b3cec4fafedd684138a2a3ed003147",
        "is_verified": false,
        "line_number": 230
      },
      {
        "type": "Hex High Entropy String",
        "filename": ".venv/lib/python3.13/site-packages/numpy/random/tests/test_random.py",
        "hashed_secret": "7876bc696e945e229cc7d7aeec1e289ee6e19597",
        "is_verified": false,
        "line_number": 231
      },
      {
        "type": "Hex High Entropy String",
        "filename": ".venv/lib/python3.13/site-packages/numpy/random/tests/test_random.py",
        "hashed_secret": "6a2510e0375ad9422810149f5290eeb8a7b5ed29",
        "is_verified": false,
        "line_number": 232
      },
      {
        "type": "Hex High Entropy String",
        "filename": ".venv/lib/python3.13/site-packages/numpy/random/tests/test_random.py",
        "hashed_secret": "49ff9d1d949e6ba9fd6888ed8938b50ce176d263",
        "is_verified": false,
        "line_number": 233
      },
      {
        "type": "Hex High Entropy String",
        "filename": ".venv/lib/python3.13/site-packages/numpy/random/tests/test_random.py",
        "hashed_secret": "bf1ad3197b63868084530315c4aaca508019e938",
        "is_verified": false,
        "line_number": 234
      }
    ],
    ".venv/lib/python3.13/site-packages/numpy/random/tests/test_randomstate.py": [
      {
        "type": "Hex High Entropy String",
        "filename": ".venv/lib/python3.13/site-packages/numpy/random/tests/test_randomstate.py",
        "hashed_secret": "c1caceb5a488bbf44406ee48aa7595676a5f8c96",
        "is_verified": false,
        "line_number": 35
      },
      {
        "type": "Hex High Entropy String",
        "filename": ".venv/lib/python3.13/site-packages/numpy/random/tests/test_randomstate.py",
        "hashed_secret": "49b37171c3c40b85a24ca7abc0384333ab4fd945",
        "is_verified": false,
        "line_number": 36
      },
      {
        "type": "Hex High Entropy String",
        "filename": ".venv/lib/python3.13/site-packages/numpy/random/tests/test_randomstate.py",
        "hashed_secret": "81834ffdcb34ad16e3721447668784af19f6b879",
        "is_verified": false,
        "line_number": 37
      },
      {
        "type": "Hex High Entropy String",
        "filename": ".venv/lib/python3.13/site-packages/numpy/random/tests/test_randomstate.py",
        "hashed_secret": "446f27b64f76fb9940dad53a1f01e73a6d67561a",
        "is_verified": false,
        "line_number": 38
      },
      {
        "type": "Hex High Entropy String",
        "filename": ".venv/lib/python3.13/site-packages/numpy/random/tests/test_randomstate.py",
        "hashed_secret": "39e897539283987c7a273bd966dae2b7ad293b82",
        "is_verified": false,
        "line_number": 39
      },
      {
        "type": "Hex High Entropy String",
        "filename": ".venv/lib/python3.13/site-packages/numpy/random/tests/test_randomstate.py",
        "hashed_secret": "52413579978a99b7b5f08177189e739f3bce5bbe",
        "is_verified": false,
        "line_number": 40
      },
      {
        "type": "Hex High Entropy String",
        "filename": ".venv/lib/python3.13/site-packages/numpy/random/tests/test_randomstate.py",
        "hashed_secret": "9ae0d46162c54f618755b6a72e365c2d726bd156",
        "is_verified": false,
        "line_number": 41
      },
      {
        "type": "Hex High Entropy String",
        "filename": ".venv/lib/python3.13/site-packages/numpy/random/tests/test_randomstate.py",
        "hashed_secret": "57113841908ed50f3c986491584e811f18f56bad",
        "is_verified": false,
        "line_number": 42
      },
      {
        "type": "Hex High Entropy String",
        "filename": ".venv/lib/python3.13/site-packages/numpy/random/tests/test_randomstate.py",
        "hashed_secret": "6739bb662f695683bbccbba5f53867d3d79ca346",
        "is_verified": false,
        "line_number": 45
      },
      {
        "type": "Hex High Entropy String",
        "filename": ".venv/lib/python3.13/site-packages/numpy/random/tests/test_randomstate.py",
        "hashed_secret": "f589f0448ee4815ce2ed8d990aac9501ce33d70d",
        "is_verified": false,
        "line_number": 46
      },
      {
        "type": "Hex High Entropy String",
        "filename": ".venv/lib/python3.13/site-packages/numpy/random/tests/test_randomstate.py",
        "hashed_secret": "c622ea6ab866b4ae909868e5d5ec743a05cb54df",
        "is_verified": false,
        "line_number": 47
      },
      {
        "type": "Hex High Entropy String",
        "filename": ".venv/lib/python3.13/site-packages/numpy/random/tests/test_randomstate.py",
        "hashed_secret": "49e4a11a2b1d16f48866988743aefd59b13712c6",
        "is_verified": false,
        "line_number": 48
      },
      {
        "type": "Hex High Entropy String",
        "filename": ".venv/lib/python3.13/site-packages/numpy/random/tests/test_randomstate.py",
        "hashed_secret": "b1fa23e74c90e8f2c7d687a1a2e931ec203f8172",
        "is_verified": false,
        "line_number": 49
      },
      {
        "type": "Hex High Entropy String",
        "filename": ".venv/lib/python3.13/site-packages/numpy/random/tests/test_randomstate.py",
        "hashed_secret": "16c99bceeca68f3f71e0dc6fdf82b287e98b96f3",
        "is_verified": false,
        "line_number": 50
      },
      {
        "type": "Hex High Entropy String",
        "filename": ".venv/lib/python3.13/site-packages/numpy/random/tests/test_randomstate.py",
        "hashed_secret": "15a43b6c0406b117212943bf6d2f4379cdd4c8d2",
        "is_verified": false,
        "line_number": 51
      },
      {
        "type": "Hex High Entropy String",
        "filename": ".venv/lib/python3.13/site-packages/numpy/random/tests/test_randomstate.py",
        "hashed_secret": "4a5f3f2b9de0cd873ed1a016d0fd821745dfc12d",
        "is_verified": false,
        "line_number": 52
      },
      {
        "type": "Hex High Entropy String",
        "filename": ".venv/lib/python3.13/site-packages/numpy/random/tests/test_randomstate.py",
        "hashed_secret": "c34ae8e3b3b3cec4fafedd684138a2a3ed003147",
        "is_verified": false,
        "line_number": 350
      },
      {
        "type": "Hex High Entropy String",
        "filename": ".venv/lib/python3.13/site-packages/numpy/random/tests/test_randomstate.py",
        "hashed_secret": "7876bc696e945e229cc7d7aeec1e289ee6e19597",
        "is_verified": false,
        "line_number": 351
      },
      {
        "type": "Hex High Entropy String",
        "filename": ".venv/lib/python3.13/site-packages/numpy/random/tests/test_randomstate.py",
        "hashed_secret": "6a2510e0375ad9422810149f5290eeb8a7b5ed29",
        "is_verified": false,
        "line_number": 352
      },
      {
        "type": "Hex High Entropy String",
        "filename": ".venv/lib/python3.13/site-packages/numpy/random/tests/test_randomstate.py",
        "hashed_secret": "49ff9d1d949e6ba9fd6888ed8938b50ce176d263",
        "is_verified": false,
        "line_number": 353
      },
      {
        "type": "Hex High Entropy String",
        "filename": ".venv/lib/python3.13/site-packages/numpy/random/tests/test_randomstate.py",
        "hashed_secret": "bf1ad3197b63868084530315c4aaca508019e938",
        "is_verified": false,
        "line_number": 354
      }
    ],
    ".venv/lib/python3.13/site-packages/numpy/version.py": [
      {
        "type": "Hex High Entropy String",
        "filename": ".venv/lib/python3.13/site-packages/numpy/version.py",
        "hashed_secret": "6dfa2c8c6d1eaf6e6ab2a2d83c3d787c61a8df78",
        "is_verified": false,
        "line_number": 9
      }
    ],
    ".venv/lib/python3.13/site-packages/pip/_vendor/urllib3/util/url.py": [
      {
        "type": "Basic Auth Credentials",
        "filename": ".venv/lib/python3.13/site-packages/pip/_vendor/urllib3/util/url.py",
        "hashed_secret": "5baa61e4c9b93f3f0682250b6cf8331b7ee68fd8",
        "is_verified": false,
        "line_number": 148
      }
    ],
    ".venv/lib/python3.13/site-packages/pydantic/networks.py": [
      {
        "type": "Basic Auth Credentials",
        "filename": ".venv/lib/python3.13/site-packages/pydantic/networks.py",
        "hashed_secret": "9d4e1e23bd5b727046a9e3b4b7db57bd8d6ee684",
        "is_verified": false,
        "line_number": 137
      },
      {
        "type": "Secret Keyword",
        "filename": ".venv/lib/python3.13/site-packages/pydantic/networks.py",
        "hashed_secret": "62cdb7020ff920e5aa642c3d4066950dd1f01f4d",
        "is_verified": false,
        "line_number": 403
      }
    ],
    ".venv/lib/python3.13/site-packages/pydantic/types.py": [
      {
        "type": "Secret Keyword",
        "filename": ".venv/lib/python3.13/site-packages/pydantic/types.py",
        "hashed_secret": "45e1bd4d6c75a154fdfdc0a951ddfc12983885b3",
        "is_verified": false,
        "line_number": 1854
      },
      {
        "type": "Base64 High Entropy String",
        "filename": ".venv/lib/python3.13/site-packages/pydantic/types.py",
        "hashed_secret": "befba895abf49e14d21c1aee434c561647996707",
        "is_verified": false,
        "line_number": 2780
      }
    ],
    ".venv/lib/python3.13/site-packages/pygments/lexers/_cocoa_builtins.py": [
      {
        "type": "Base64 High Entropy String",
        "filename": ".venv/lib/python3.13/site-packages/pygments/lexers/_cocoa_builtins.py",
        "hashed_secret": "d42bda5de6790d8696ff1e43db8babaaecfbdb5a",
        "is_verified": false,
        "line_number": 14
      }
    ],
    ".venv/lib/python3.13/site-packages/regex/tests/test_regex.py": [
      {
        "type": "Hex High Entropy String",
        "filename": ".venv/lib/python3.13/site-packages/regex/tests/test_regex.py",
        "hashed_secret": "584e004cf3e177ba8dc359b2b7790604d1f157c7",
        "is_verified": false,
        "line_number": 2371
      },
      {
        "type": "AWS Access Key",
        "filename": ".venv/lib/python3.13/site-packages/regex/tests/test_regex.py",
        "hashed_secret": "74c928280c7b8beef51c7bb66f7d95124e718b6d",
        "is_verified": false,
        "line_number": 4131
      },
      {
        "type": "AWS Access Key",
        "filename": ".venv/lib/python3.13/site-packages/regex/tests/test_regex.py",
        "hashed_secret": "ebcc77e5eb84774f58580271b15daaa0e802b8c2",
        "is_verified": false,
        "line_number": 4132
      },
      {
        "type": "AWS Access Key",
        "filename": ".venv/lib/python3.13/site-packages/regex/tests/test_regex.py",
        "hashed_secret": "512e099c765bfc83829c8222eaa1df34a1a22e73",
        "is_verified": false,
        "line_number": 4138
      },
      {
        "type": "AWS Access Key",
        "filename": ".venv/lib/python3.13/site-packages/regex/tests/test_regex.py",
        "hashed_secret": "229761d473d0d7ff8a127bc0a9e152c0ac4901a8",
        "is_verified": false,
        "line_number": 4146
      }
    ],
    ".venv/lib/python3.13/site-packages/safety/constants.py": [
      {
        "type": "Secret Keyword",
        "filename": ".venv/lib/python3.13/site-packages/safety/constants.py",
        "hashed_secret": "4a0d1d9decb5fa8c5cc833243f4fcc536568900a",
        "is_verified": false,
        "line_number": 183
      }
    ],
    ".venv/lib/python3.13/site-packages/safety/scan/util.py": [
      {
        "type": "Secret Keyword",
        "filename": ".venv/lib/python3.13/site-packages/safety/scan/util.py",
        "hashed_secret": "665b1e3851eefefa3fb878654292f16597d25155",
        "is_verified": false,
        "line_number": 61
      }
    ],
    ".venv/lib/python3.13/site-packages/safety/templates/index.html": [
      {
        "type": "Base64 High Entropy String",
        "filename": ".venv/lib/python3.13/site-packages/safety/templates/index.html",
        "hashed_secret": "fa78c15944671be318a60248e5bfd7bebaa02953",
        "is_verified": false,
        "line_number": 5
      }
    ],
    ".venv/lib/python3.13/site-packages/safety/templates/scan/index.html": [
      {
        "type": "Base64 High Entropy String",
        "filename": ".venv/lib/python3.13/site-packages/safety/templates/scan/index.html",
        "hashed_secret": "fa78c15944671be318a60248e5bfd7bebaa02953",
        "is_verified": false,
        "line_number": 5
      }
    ],
    ".venv/lib/python3.13/site-packages/safety_schemas/models/base.py": [
      {
        "type": "Secret Keyword",
        "filename": ".venv/lib/python3.13/site-packages/safety_schemas/models/base.py",
        "hashed_secret": "665b1e3851eefefa3fb878654292f16597d25155",
        "is_verified": false,
        "line_number": 89
      }
    ],
    ".venv/lib/python3.13/site-packages/safety_schemas/report/schemas/v3_0/main.py": [
      {
        "type": "Hex High Entropy String",
        "filename": ".venv/lib/python3.13/site-packages/safety_schemas/report/schemas/v3_0/main.py",
        "hashed_secret": "37e9538daab186d4350a88faf3a5e1eba7fc6e90",
        "is_verified": false,
        "line_number": 121
      },
      {
        "type": "Secret Keyword",
        "filename": ".venv/lib/python3.13/site-packages/safety_schemas/report/schemas/v3_0/main.py",
        "hashed_secret": "665b1e3851eefefa3fb878654292f16597d25155",
        "is_verified": false,
        "line_number": 143
      }
    ],
    ".venv/lib/python3.13/site-packages/urllib3/util/url.py": [
      {
        "type": "Basic Auth Credentials",
        "filename": ".venv/lib/python3.13/site-packages/urllib3/util/url.py",
        "hashed_secret": "5baa61e4c9b93f3f0682250b6cf8331b7ee68fd8",
        "is_verified": false,
        "line_number": 186
      }
    ],
    "config/app_config.json": [
      {
        "type": "Secret Keyword",
        "filename": "config/app_config.json",
        "hashed_secret": "2614c737273f4e6fb8d66e1ca23218ecbf0096eb",
        "is_verified": false,
        "line_number": 39
      }
    ],
    "config/config.example.yml": [
      {
        "type": "Secret Keyword",
        "filename": "config/config.example.yml",
        "hashed_secret": "dbf2b96b65a5c64fbc10bbbc21a0e7921eaa9ab6",
        "is_verified": false,
        "line_number": 74
      },
      {
        "type": "Secret Keyword",
        "filename": "config/config.example.yml",
        "hashed_secret": "bbb2600023f30aa90fd1d9b8f7cd126f8f5f8da1",
        "is_verified": false,
        "line_number": 85
      },
      {
        "type": "Secret Keyword",
        "filename": "config/config.example.yml",
        "hashed_secret": "27ad455ebdef9f83ef24bc0d589514b0c97c0cb9",
        "is_verified": false,
        "line_number": 98
      },
      {
        "type": "Secret Keyword",
        "filename": "config/config.example.yml",
        "hashed_secret": "33f220dd67f717cc949db63e21c90e130a6137da",
        "is_verified": false,
        "line_number": 251
      },
      {
        "type": "Secret Keyword",
        "filename": "config/config.example.yml",
        "hashed_secret": "9924b353fca602108662abb196b2892f862174e0",
        "is_verified": false,
        "line_number": 324
      }
    ],
    "docs/API_REFERENCE.md": [
      {
        "type": "Secret Keyword",
        "filename": "docs/API_REFERENCE.md",
        "hashed_secret": "ecb252044b5ea0f679ee78ec1a12904739e2904d",
        "is_verified": false,
        "line_number": 65
      },
      {
        "type": "Private Key",
        "filename": "docs/API_REFERENCE.md",
        "hashed_secret": "1348b145fa1a555461c1b790a2f66614781091e9",
        "is_verified": false,
        "line_number": 117
      },
      {
        "type": "Secret Keyword",
        "filename": "docs/API_REFERENCE.md",
        "hashed_secret": "57e4e8eab6582087c1c0914e04909e811abd84fc",
        "is_verified": false,
        "line_number": 873
      }
    ],
    "docs/CONTRIBUTING.md": [
      {
        "type": "Secret Keyword",
        "filename": "docs/CONTRIBUTING.md",
        "hashed_secret": "836e15b9690ed4443a2a0fe43b385ef5ad0443e6",
        "is_verified": false,
        "line_number": 733
      }
    ],
    "docs/DEPLOYMENT_GUIDE.md": [
      {
        "type": "Basic Auth Credentials",
        "filename": "docs/DEPLOYMENT_GUIDE.md",
        "hashed_secret": "9d4e1e23bd5b727046a9e3b4b7db57bd8d6ee684",
        "is_verified": false,
        "line_number": 128
      },
      {
        "type": "Secret Keyword",
        "filename": "docs/DEPLOYMENT_GUIDE.md",
        "hashed_secret": "a616a64c0fbc30f12287d0f24f3b90dd2e6a206e",
        "is_verified": false,
        "line_number": 173
      },
      {
        "type": "Basic Auth Credentials",
        "filename": "docs/DEPLOYMENT_GUIDE.md",
        "hashed_secret": "a616a64c0fbc30f12287d0f24f3b90dd2e6a206e",
        "is_verified": false,
        "line_number": 188
      },
      {
        "type": "Basic Auth Credentials",
        "filename": "docs/DEPLOYMENT_GUIDE.md",
        "hashed_secret": "5baa61e4c9b93f3f0682250b6cf8331b7ee68fd8",
        "is_verified": false,
        "line_number": 273
      }
    ],
    "legacy/build_artifacts/.pytest_cache/CACHEDIR.TAG": [
      {
        "type": "Hex High Entropy String",
        "filename": "legacy/build_artifacts/.pytest_cache/CACHEDIR.TAG",
        "hashed_secret": "e8f8c345877b2411a59897798e422b15b0c16d76",
        "is_verified": false,
        "line_number": 1
      }
    ],
    "legacy/old_modules/alert_system.py": [
      {
        "type": "Secret Keyword",
        "filename": "legacy/old_modules/alert_system.py",
        "hashed_secret": "5baa61e4c9b93f3f0682250b6cf8331b7ee68fd8",
        "is_verified": false,
        "line_number": 821
      }
    ],
    "legacy/old_modules/consensus_algorithm.py": [
      {
        "type": "Hex High Entropy String",
        "filename": "legacy/old_modules/consensus_algorithm.py",
        "hashed_secret": "90bd1b48e958257948487b90bee080ba5ed00caa",
        "is_verified": false,
        "line_number": 680
      }
    ],
    "legacy/old_modules/integration_tests.py": [
      {
        "type": "Secret Keyword",
        "filename": "legacy/old_modules/integration_tests.py",
        "hashed_secret": "4a7cc8a829b6bce0c5e5ee2a8e97707db51185bd",
        "is_verified": false,
        "line_number": 499
      },
      {
        "type": "Secret Keyword",
        "filename": "legacy/old_modules/integration_tests.py",
        "hashed_secret": "e8662cfb96bd9c7fe84c31d76819ec3a92c80e63",
        "is_verified": false,
        "line_number": 513
      }
    ],
    "legacy/old_modules/monitoring_dashboard.py": [
      {
        "type": "Secret Keyword",
        "filename": "legacy/old_modules/monitoring_dashboard.py",
        "hashed_secret": "58dafc2ad8781ea7cc909488c2a88e38e95ee927",
        "is_verified": false,
        "line_number": 616
      }
    ],
    "legacy/old_modules/security_protocols.py": [
      {
        "type": "Secret Keyword",
        "filename": "legacy/old_modules/security_protocols.py",
        "hashed_secret": "5baa61e4c9b93f3f0682250b6cf8331b7ee68fd8",
        "is_verified": false,
        "line_number": 57
      },
      {
        "type": "Secret Keyword",
        "filename": "legacy/old_modules/security_protocols.py",
        "hashed_secret": "f13733f6dd9f1ed3118e2da31428c71eab5ffd99",
        "is_verified": false,
        "line_number": 1190
      }
    ],
    "legacy/old_modules/web_dashboard.py": [
      {
        "type": "Secret Keyword",
        "filename": "legacy/old_modules/web_dashboard.py",
        "hashed_secret": "cb4b3062414c48753841aaee20ec3b42dd783e05",
        "is_verified": false,
        "line_number": 240
      }
    ],
    "reports/integration_report.json": [
      {
        "type": "Hex High Entropy String",
        "filename": "reports/integration_report.json",
        "hashed_secret": "923f0fbcb961ad3a425f52053b974c345df49e53",
        "is_verified": false,
        "line_number": 246
      }
    ],
    "security_report_bandit.txt": [
      {
        "type": "Secret Keyword",
        "filename": "security_report_bandit.txt",
        "hashed_secret": "2614c737273f4e6fb8d66e1ca23218ecbf0096eb",
        "is_verified": false,
        "line_number": 137
      }
    ],
    "security_report_safety.json": [
      {
        "type": "Hex High Entropy String",
        "filename": "security_report_safety.json",
        "hashed_secret": "057f39f0689598d137d725ac18fd9d06660aa8bb",
        "is_verified": false,
        "line_number": 68
      }
    ],
    "src/aegis/api/web_dashboard.py": [
      {
        "type": "Secret Keyword",
        "filename": "src/aegis/api/web_dashboard.py",
        "hashed_secret": "cb4b3062414c48753841aaee20ec3b42dd783e05",
        "is_verified": false,
        "line_number": 240
      }
    ],
    "src/aegis/blockchain/consensus_algorithm.py": [
      {
        "type": "Hex High Entropy String",
        "filename": "src/aegis/blockchain/consensus_algorithm.py",
        "hashed_secret": "90bd1b48e958257948487b90bee080ba5ed00caa",
        "is_verified": false,
        "line_number": 680
      }
    ],
    "src/aegis/cli/main.py": [
      {
        "type": "Secret Keyword",
        "filename": "src/aegis/cli/main.py",
        "hashed_secret": "2614c737273f4e6fb8d66e1ca23218ecbf0096eb",
        "is_verified": false,
        "line_number": 253
      }
    ],
    "src/aegis/monitoring/alert_system.py": [
      {
        "type": "Secret Keyword",
        "filename": "src/aegis/monitoring/alert_system.py",
        "hashed_secret": "5baa61e4c9b93f3f0682250b6cf8331b7ee68fd8",
        "is_verified": false,
        "line_number": 821
      }
    ],
    "src/aegis/monitoring/monitoring_dashboard.py": [
      {
        "type": "Secret Keyword",
        "filename": "src/aegis/monitoring/monitoring_dashboard.py",
        "hashed_secret": "58dafc2ad8781ea7cc909488c2a88e38e95ee927",
        "is_verified": false,
        "line_number": 640
      }
    ],
    "src/aegis/security/security_protocols.py": [
      {
        "type": "Secret Keyword",
        "filename": "src/aegis/security/security_protocols.py",
        "hashed_secret": "5baa61e4c9b93f3f0682250b6cf8331b7ee68fd8",
        "is_verified": false,
        "line_number": 57
      },
      {
        "type": "Secret Keyword",
        "filename": "src/aegis/security/security_protocols.py",
        "hashed_secret": "f13733f6dd9f1ed3118e2da31428c71eab5ffd99",
        "is_verified": false,
        "line_number": 1190
      }
    ],
    "tor_status_summary.md": [
      {
        "type": "Secret Keyword",
        "filename": "tor_status_summary.md",
        "hashed_secret": "c8035ec00ae753576a553452b760d8e488694bc0",
        "is_verified": false,
        "line_number": 86
      }
    ]
  },
  "generated_at": "2025-10-23T23:07:50Z"
}
